// Jest Snapshot v1, https://goo.gl/fbAQLP

exports[`<Loading /> should render Loading component 1`] = `
<DocumentFragment>
  <div
    class="loading-wrapper"
    data-testid="loading-wrapper"
  >
    <div
      class="lds-dual-ring"
      data-testid="loading-inner"
    />
    <span
      data-testid="loading-text"
    >
      Loading.
    </span>
  </div>
</DocumentFragment>
`;
